// Jest Snapshot v1, https://goo.gl/fbAQLP

exports[`Retrieve Component Matches the snapshot 1`] = `
<div
  class="card p-3 mb-4"
>
  <div
    class="container"
  >
    <div
      class="row"
    >
      <div
        class="col"
      >
        <h5>
          Aquifer Summary
        </h5>
      </div>
       
      <div
        class="col-auto"
      >
        <button
          class="btn btn-secondary"
          type="button"
        >
          <span
            class="fa fa-print"
            title="Print"
          />
        </button>
      </div>
    </div>
     
    <dl
      class="row"
    >
      <dt
        class="col-sm-2"
      >
        Aquifer number
      </dt>
       
      <dd
        class="col-sm-4"
      >
        4
      </dd>
       
      <dt
        class="col-sm-2"
      >
        Year of mapping
      </dt>
       
      <dd
        class="col-sm-4"
      >
        1993
      </dd>
       
      <dt
        class="col-sm-2"
      >
        Aquifer name
      </dt>
       
      <dd
        class="col-sm-4"
      >
        Aggasiz
      </dd>
       
      <dt
        class="col-sm-2"
      >
        Litho stratigraphic unit
      </dt>
       
      <dd
        class="col-sm-4"
      >
        Fraser River Sediments
      </dd>
       
      <dt
        class="col-sm-2"
      >
        Descriptive location
      </dt>
       
      <dd
        class="col-sm-4"
      >
        
      </dd>
       
      <dt
        class="col-sm-2"
      >
        Vulnerability
      </dt>
       
      <dd
        class="col-sm-4"
      >
        High
      </dd>
       
      <dt
        class="col-sm-2"
      >
        Material type
      </dt>
       
      <dd
        class="col-sm-4"
      >
        
      </dd>
       
      <dt
        class="col-sm-2"
      >
        Subtype
      </dt>
       
      <dd
        class="col-sm-4"
      >
        Unconfined sand and gravel - large river system
      </dd>
       
      <dt
        class="col-sm-2"
      >
        Quality concerns
      </dt>
       
      <dd
        class="col-sm-4"
      >
        
      </dd>
       
      <dt
        class="col-sm-2"
      >
        Productivity
      </dt>
       
      <dd
        class="col-sm-4"
      >
        High
      </dd>
       
      <dt
        class="col-sm-2"
      >
        Size (kmÂ²)
      </dt>
       
      <dd
        class="col-sm-4"
      >
        63.3
      </dd>
       
      <dt
        class="col-sm-2"
      >
        Demand
      </dt>
       
      <dd
        class="col-sm-4"
      >
        
      </dd>
    </dl>
  </div>
</div>
`;
