// Jest Snapshot v1, https://goo.gl/fbAQLP

exports[`Search Component Matches the snapshot 1`] = `
<div
  class="container p-1"
  id="aquifers-search"
>
   
  <div
    class="card main-search-card mb-4"
  >
    <!---->
    <!---->
    <!---->
     
    <form
      class=""
    >
      <div
        class="form-row"
      >
        <div
          class="p-4 col-md-12 col-lg-12 col-xl-4 col-12"
        >
          <!---->
           
          <h1
            class="main-title ml-2 mt-2"
          >
            Aquifer Search
          </h1>
           
          <div
            class="pl-2 pr-2 aquifer-search-column mt-3"
          >
            <h4>
              Basic Search
            </h4>
             
            <h5
              class="search-title"
            >
              Search by aquifer name or number (leave blank to see all aquifers)
            </h5>
             
            <fieldset
              class="form-group search-title mt-3 mb-3"
            >
              <!---->
              <div>
                <input
                  class="w-75 form-control"
                  id="aquifers-search-field"
                  type="text"
                />
                <!---->
                <!---->
                <!---->
              </div>
            </fieldset>
             
            <h4
              class="pt-4"
            >
              Advanced Search
            </h4>
             
            <fieldset
              class="form-group"
            >
              <!---->
              <div>
                <div
                  class="custom-control custom-control-inline custom-radio"
                >
                  <input
                    class="custom-control-input"
                    name="match-any"
                    type="radio"
                    value="true"
                  />
                  <label
                    class="custom-control-label"
                  >
                    Any field match
                  </label>
                </div>
                 
                <div
                  class="custom-control custom-control-inline custom-radio"
                >
                  <input
                    class="custom-control-input"
                    name="match-any"
                    type="radio"
                    value="false"
                  />
                  <label
                    class="custom-control-label"
                  >
                    All field match
                  </label>
                </div>
                <!---->
                <!---->
                <!---->
              </div>
            </fieldset>
             
            <div
              class="aquifer-checkbox-group bv-no-focus-ring"
              role="group"
              tabindex="-1"
            >
              <div
                class="custom-control custom-checkbox"
              >
                <input
                  class="custom-control-input"
                  type="checkbox"
                  value="a"
                />
                <label
                  class="custom-control-label"
                >
                  <span>
                    aquifer section
                  </span>
                </label>
              </div>
            </div>
             
            <div
              class="form-row"
            >
              <div
                class="aquifer-search-actions btn-group"
                role="group"
              >
                <button
                  class="btn aquifer-buttons btn-primary"
                  id="aquifers-search-button"
                  type="submit"
                >
                  
                  Search
                  
                  <!---->
                </button>
                 
                <button
                  class="btn aquifer-buttons btn-default"
                  type="reset"
                >
                  Reset
                </button>
              </div>
            </div>
             
            <h6
              class="mt-3"
            >
              Download all aquifers
            </h6>
             
            <ul
              class="aquifer-download-list"
            >
              <li>
                - 
                <a
                  href="#"
                >
                  Aquifer extract (XLSX)
                </a>
              </li>
               
              <li>
                - 
                <a
                  href="#"
                >
                  Aquifer extract (CSV)
                </a>
              </li>
            </ul>
          </div>
        </div>
         
        <div
          class="map-column col-md-12 col-lg-12 col-xl-8 col-12"
        >
          <!---->
           
          <aquifer-map-stub
            highlightaquiferids="4"
            searchtext="4"
            showretired="true"
          />
        </div>
      </div>
    </form>
     
    <div
      class="row"
    >
      <div
        class="p-5 col-12"
      >
        <div
          class="p-0 container-fluid"
        >
          <div
            class="row mb-3"
          >
            <div
              class="col-md-6"
            >
              <div>
                
                Showing 1 to 1 of 1
              
              </div>
            </div>
             
            <div
              class="text-right col-md-6"
            >
              <div
                class="d-inline-block custom-control custom-checkbox"
              >
                <input
                  class="custom-control-input"
                  type="checkbox"
                  value="true"
                />
                <label
                  class="custom-control-label"
                >
                  
                Show 1 retired aquifers
              
                </label>
              </div>
            </div>
          </div>
        </div>
         
        <div
          class="table-responsive"
        >
          <table
            aria-busy="false"
            aria-colcount="12"
            class="table b-table table-striped border"
            id="aquifers-results"
            role="table"
          >
            <!---->
            <!---->
            <thead
              class=""
              role="rowgroup"
            >
              <!---->
              <tr
                class=""
                role="row"
              >
                <th
                  aria-colindex="1"
                  aria-sort="ascending"
                  class="position-relative"
                  role="columnheader"
                  scope="col"
                  tabindex="0"
                >
                  <div>
                    Aquifer number
                  </div>
                  <span
                    class="sr-only"
                  >
                     (Click to sort descending)
                  </span>
                </th>
                <th
                  aria-colindex="2"
                  aria-sort="none"
                  class="position-relative"
                  role="columnheader"
                  scope="col"
                  tabindex="0"
                >
                  <div>
                    Date retired
                  </div>
                  <span
                    class="sr-only"
                  >
                     (Click to sort ascending)
                  </span>
                </th>
                <th
                  aria-colindex="3"
                  aria-sort="none"
                  class="position-relative"
                  role="columnheader"
                  scope="col"
                  tabindex="0"
                >
                  <div>
                    Aquifer name
                  </div>
                  <span
                    class="sr-only"
                  >
                     (Click to sort ascending)
                  </span>
                </th>
                <th
                  aria-colindex="4"
                  aria-sort="none"
                  class="position-relative"
                  role="columnheader"
                  scope="col"
                  tabindex="0"
                >
                  <div>
                    Descriptive location
                  </div>
                  <span
                    class="sr-only"
                  >
                     (Click to sort ascending)
                  </span>
                </th>
                <th
                  aria-colindex="5"
                  aria-sort="none"
                  class="position-relative"
                  role="columnheader"
                  scope="col"
                  tabindex="0"
                >
                  <div>
                    Material
                  </div>
                  <span
                    class="sr-only"
                  >
                     (Click to sort ascending)
                  </span>
                </th>
                <th
                  aria-colindex="6"
                  aria-sort="none"
                  class="position-relative"
                  role="columnheader"
                  scope="col"
                  tabindex="0"
                >
                  <div>
                    Litho stratigraphic unit
                  </div>
                  <span
                    class="sr-only"
                  >
                     (Click to sort ascending)
                  </span>
                </th>
                <th
                  aria-colindex="7"
                  aria-sort="none"
                  class="position-relative"
                  role="columnheader"
                  scope="col"
                  tabindex="0"
                >
                  <div>
                    Subtype
                  </div>
                  <span
                    class="sr-only"
                  >
                     (Click to sort ascending)
                  </span>
                </th>
                <th
                  aria-colindex="8"
                  aria-sort="none"
                  class="position-relative"
                  role="columnheader"
                  scope="col"
                  tabindex="0"
                >
                  <div>
                    Vulnerability
                  </div>
                  <span
                    class="sr-only"
                  >
                     (Click to sort ascending)
                  </span>
                </th>
                <th
                  aria-colindex="9"
                  aria-sort="none"
                  class="position-relative"
                  role="columnheader"
                  scope="col"
                  tabindex="0"
                >
                  <div>
                    Size‑km²
                  </div>
                  <span
                    class="sr-only"
                  >
                     (Click to sort ascending)
                  </span>
                </th>
                <th
                  aria-colindex="10"
                  aria-sort="none"
                  class="position-relative"
                  role="columnheader"
                  scope="col"
                  tabindex="0"
                >
                  <div>
                    Productivity
                  </div>
                  <span
                    class="sr-only"
                  >
                     (Click to sort ascending)
                  </span>
                </th>
                <th
                  aria-colindex="11"
                  aria-sort="none"
                  class="position-relative"
                  role="columnheader"
                  scope="col"
                  tabindex="0"
                >
                  <div>
                    Demand
                  </div>
                  <span
                    class="sr-only"
                  >
                     (Click to sort ascending)
                  </span>
                </th>
                <th
                  aria-colindex="12"
                  aria-sort="none"
                  class="position-relative"
                  role="columnheader"
                  scope="col"
                  tabindex="0"
                >
                  <div>
                    Year of mapping
                  </div>
                  <span
                    class="sr-only"
                  >
                     (Click to sort ascending)
                  </span>
                </th>
              </tr>
            </thead>
            <tbody
              role="rowgroup"
            >
              <!---->
              <tr
                aria-rowindex="1"
                class="retired"
                role="row"
              >
                <td
                  aria-colindex="1"
                  class=""
                  role="cell"
                >
                  <router-link-stub
                    to="[object Object]"
                  >
                    4
                  </router-link-stub>
                </td>
                <td
                  aria-colindex="2"
                  class=""
                  role="cell"
                >
                  <span
                    title="2020-01-01"
                  >
                    January 1st 2020 at 12:00 AM
                  </span>
                </td>
                <td
                  aria-colindex="3"
                  class=""
                  role="cell"
                >
                  
            
          
                </td>
                <td
                  aria-colindex="4"
                  class=""
                  role="cell"
                />
                <td
                  aria-colindex="5"
                  class=""
                  role="cell"
                />
                <td
                  aria-colindex="6"
                  class=""
                  role="cell"
                />
                <td
                  aria-colindex="7"
                  class=""
                  role="cell"
                />
                <td
                  aria-colindex="8"
                  class=""
                  role="cell"
                />
                <td
                  aria-colindex="9"
                  class=""
                  role="cell"
                >
                  63.3
                </td>
                <td
                  aria-colindex="10"
                  class=""
                  role="cell"
                />
                <td
                  aria-colindex="11"
                  class=""
                  role="cell"
                >
                  Low
                </td>
                <td
                  aria-colindex="12"
                  class=""
                  role="cell"
                >
                  1993
                </td>
              </tr>
              <!---->
              <!---->
            </tbody>
            <!---->
          </table>
        </div>
         
        <!---->
      </div>
    </div>
     
    <h6
      class="pl-5 pb-5 mt-3"
    >
      Download searched aquifers :
      
      <a
        href="#"
      >
        XLSX
      </a>
       |
      
      <a
        href="#"
      >
        CSV
      </a>
    </h6>
    <!---->
    <!---->
  </div>
</div>
`;
